
C:\Users\Dell\OneDrive\Desktop\LaunchMate\frontend\src\Budget.jsx
   3:19  error  'setActivePage' is defined but never used                                                                                                                                                                                                                                                                                                                                                                                                                                                                                                                                                                                                                                                                                                                                                                                                                                                                                                                                                                                                                                                                                                   no-unused-vars
  16:33  error  Error: Calling setState synchronously within an effect can trigger cascading renders

Effects are intended to synchronize state between React and external systems such as manually updating the DOM, state management libraries, or other platform APIs. In general, the body of an effect should do one or both of the following:
* Update external systems with the latest state from React.
* Subscribe for updates from some external system, calling setState in a callback function when external state changes.

Calling setState synchronously within an effect body causes cascading renders that can hurt performance, and is not recommended. (https://react.dev/learn/you-might-not-need-an-effect).

  14 |   useEffect(() => {
  15 |     const totalMonthlyBurn = servers + marketing + salaries + misc;
> 16 |     if (totalMonthlyBurn === 0) setRunway(999);
     |                                 ^^^^^^^^^ Avoid calling setState() directly within an effect
  17 |     else setRunway((startingCapital / totalMonthlyBurn).toFixed(1));
  18 |   }, [startingCapital, servers, marketing, salaries, misc]);
  19 |  react-hooks/set-state-in-effect

C:\Users\Dell\OneDrive\Desktop\LaunchMate\frontend\src\Chatbot.jsx
  3:10  error  'motion' is defined but never used. Allowed unused vars must match /^[A-Z_]/u  no-unused-vars

C:\Users\Dell\OneDrive\Desktop\LaunchMate\frontend\src\CinematicLoader.jsx
   2:10  error  'motion' is defined but never used. Allowed unused vars must match /^[A-Z_]/u  no-unused-vars
  15:54  error  'message' is assigned a value but never used                                   no-unused-vars

C:\Users\Dell\OneDrive\Desktop\LaunchMate\frontend\src\Competitors.jsx
  3:10  error  'motion' is defined but never used. Allowed unused vars must match /^[A-Z_]/u  no-unused-vars

C:\Users\Dell\OneDrive\Desktop\LaunchMate\frontend\src\CustomCursor.jsx
  2:10  error  'motion' is defined but never used. Allowed unused vars must match /^[A-Z_]/u  no-unused-vars

C:\Users\Dell\OneDrive\Desktop\LaunchMate\frontend\src\Dashboard.jsx
    3:8   error  'html2pdf' is defined but never used. Allowed unused vars must match /^[A-Z_]/u                no-unused-vars
    4:10  error  'motion' is defined but never used. Allowed unused vars must match /^[A-Z_]/u                  no-unused-vars
   30:8   error  'placeholderImg' is defined but never used. Allowed unused vars must match /^[A-Z_]/u          no-unused-vars
   36:10  error  'loading' is assigned a value but never used. Allowed unused vars must match /^[A-Z_]/u        no-unused-vars
   38:10  error  'fetchingStep' is assigned a value but never used. Allowed unused vars must match /^[A-Z_]/u   no-unused-vars
   39:10  error  'exportData' is assigned a value but never used. Allowed unused vars must match /^[A-Z_]/u     no-unused-vars
   39:22  error  'setExportData' is assigned a value but never used. Allowed unused vars must match /^[A-Z_]/u  no-unused-vars
   41:9   error  'reportRef' is assigned a value but never used. Allowed unused vars must match /^[A-Z_]/u      no-unused-vars
   43:9   error  'handleLogout' is assigned a value but never used. Allowed unused vars must match /^[A-Z_]/u   no-unused-vars
  241:35  error  'idx' is defined but never used                                                                no-unused-vars

C:\Users\Dell\OneDrive\Desktop\LaunchMate\frontend\src\Home.jsx
  1:10  error  'motion' is defined but never used. Allowed unused vars must match /^[A-Z_]/u        no-unused-vars
  1:18  error  'useAnimation' is defined but never used. Allowed unused vars must match /^[A-Z_]/u  no-unused-vars
  4:10  error  'useState' is defined but never used. Allowed unused vars must match /^[A-Z_]/u      no-unused-vars
  4:20  error  'useEffect' is defined but never used. Allowed unused vars must match /^[A-Z_]/u     no-unused-vars
  4:31  error  'useRef' is defined but never used. Allowed unused vars must match /^[A-Z_]/u        no-unused-vars

C:\Users\Dell\OneDrive\Desktop\LaunchMate\frontend\src\IdeaPortfolio.jsx
  3:10  error  'motion' is defined but never used. Allowed unused vars must match /^[A-Z_]/u  no-unused-vars

C:\Users\Dell\OneDrive\Desktop\LaunchMate\frontend\src\KanbanBoard.jsx
  3:10  error  'motion' is defined but never used. Allowed unused vars must match /^[A-Z_]/u  no-unused-vars

C:\Users\Dell\OneDrive\Desktop\LaunchMate\frontend\src\Learnmore.jsx
   67:8  error  Error: Cannot create components during render

Components created during render will reset their state each time they are created. Declare components outside of render.

  65 |   return (
  66 |     <div className="min-h-screen bg-gradient-to-br from-[#0d001a] via-[#000000] to-[#200040] text-white selection:bg-purple-500/30 flex flex-col">
> 67 |       <NavBar />
     |        ^^^^^^ This component is created during render
  68 |       
  69 |       <main className="flex-grow max-w-5xl mx-auto px-6 py-20 w-full">
  70 |         

   3 | function LearnMore({ setPage, section }) {
   4 |   // Common NavBar
>  5 |   const NavBar = () => (
     |                  ^^^^^^^
>  6 |     <header className="sticky top-0 z-50 bg-black/50 backdrop-blur-md border-b border-purple-900/30">
     | ^^^^^^^^^^^^^^^^^^^^^^^^^^^^^^^^^^^^^^^^^^^^^^^^^^^^^^^^^^^^^^^^^^^^^^^^^^^^^^^^^^^^^^^^^^^^^^^^^^^^^
>  7 |       <nav className="flex items-center justify-between p-6 lg:px-8 max-w-7xl mx-auto">
     ΓÇª
     | ^^^^^^^^^^^^^^^^^^^^^^^^^^^^^^^^^^^^^^^^^^^^^^^^^^^^^^^^^^^^^^^^^^^^^^^^^^^^^^^^^^^^^^^^^^^^^^^^^^^^^
> 46 |     </header>
     | ^^^^^^^^^^^^^^^^^^^^^^^^^^^^^^^^^^^^^^^^^^^^^^^^^^^^^^^^^^^^^^^^^^^^^^^^^^^^^^^^^^^^^^^^^^^^^^^^^^^^^
> 47 |   );
     | ^^^^ The component is created during render here
  48 |
  49 |   const Footer = () => (
  50 |     <footer className="border-t border-purple-900/30 bg-black/20 mt-20">  react-hooks/static-components
  206:8  error  Error: Cannot create components during render

Components created during render will reset their state each time they are created. Declare components outside of render.

  204 |       </main>
  205 |
> 206 |       <Footer />
      |        ^^^^^^ This component is created during render
  207 |     </div>
  208 |   );
  209 | }

  47 |   );
  48 |
> 49 |   const Footer = () => (
     |                  ^^^^^^^
> 50 |     <footer className="border-t border-purple-900/30 bg-black/20 mt-20">
     | ^^^^^^^^^^^^^^^^^^^^^^^^^^^^^^^^^^^^^^^^^^^^^^^^^^^^^^^^^^^^^^^^^^^^^^^^
> 51 |       <div className="max-w-7xl mx-auto px-6 py-12 flex flex-col md:flex-row justify-between items-center gap-6">
     ΓÇª
     | ^^^^^^^^^^^^^^^^^^^^^^^^^^^^^^^^^^^^^^^^^^^^^^^^^^^^^^^^^^^^^^^^^^^^^^^^
> 62 |     </footer>
     | ^^^^^^^^^^^^^^^^^^^^^^^^^^^^^^^^^^^^^^^^^^^^^^^^^^^^^^^^^^^^^^^^^^^^^^^^
> 63 |   );
     | ^^^^ The component is created during render here
  64 |
  65 |   return (
  66 |     <div className="min-h-screen bg-gradient-to-br from-[#0d001a] via-[#000000] to-[#200040] text-white selection:bg-purple-500/30 flex flex-col">                                                                                                                                                                                                                                                                                                       react-hooks/static-components

C:\Users\Dell\OneDrive\Desktop\LaunchMate\frontend\src\LogoGenerator.jsx
  2:10  error  'motion' is defined but never used. Allowed unused vars must match /^[A-Z_]/u  no-unused-vars
  5:26  error  'setActivePage' is defined but never used                                      no-unused-vars

C:\Users\Dell\OneDrive\Desktop\LaunchMate\frontend\src\MarketingAnalytics.jsx
  3:10  error  'motion' is defined but never used. Allowed unused vars must match /^[A-Z_]/u  no-unused-vars

C:\Users\Dell\OneDrive\Desktop\LaunchMate\frontend\src\ModernBackground.jsx
  4:10  error  'motion' is defined but never used. Allowed unused vars must match /^[A-Z_]/u  no-unused-vars

C:\Users\Dell\OneDrive\Desktop\LaunchMate\frontend\src\OrbitalEngine.jsx
  1:20  error  'useMemo' is defined but never used. Allowed unused vars must match /^[A-Z_]/u  no-unused-vars
  2:10  error  'motion' is defined but never used. Allowed unused vars must match /^[A-Z_]/u   no-unused-vars

C:\Users\Dell\OneDrive\Desktop\LaunchMate\frontend\src\Pitch.jsx
  3:10  error  'motion' is defined but never used. Allowed unused vars must match /^[A-Z_]/u  no-unused-vars

C:\Users\Dell\OneDrive\Desktop\LaunchMate\frontend\src\ProgressTracker.jsx
   3:10  error  'motion' is defined but never used. Allowed unused vars must match /^[A-Z_]/u  no-unused-vars
  16:18  error  'e' is defined but never used                                                  no-unused-vars
  16:21  error  Empty block statement                                                          no-empty

C:\Users\Dell\OneDrive\Desktop\LaunchMate\frontend\src\PublicPitch.jsx
   2:10  error  'motion' is defined but never used. Allowed unused vars must match /^[A-Z_]/u  no-unused-vars
  30:16  error  'err' is defined but never used                                                no-unused-vars

C:\Users\Dell\OneDrive\Desktop\LaunchMate\frontend\src\ReportTemplate.jsx
  187:21  error  Error: Cannot call impure function during render

`Math.random` is an impure function. Calling an impure function can produce unstable results that update unpredictably when the component happens to re-render. (https://react.dev/reference/rules/components-and-hooks-must-be-pure#components-and-hooks-must-be-idempotent).

  185 |           <div className="cover-subtitle">High-Fidelity Master Blueprint & Architectural Audit</div>
  186 |           <div className="cover-timestamp">
> 187 |             ID: LM-{Math.random().toString(36).substr(2, 9).toUpperCase()} ΓÇó Generated {new Date().toLocaleDateString()}
      |                     ^^^^^^^^^^^^^ Cannot call impure function
  188 |           </div>
  189 |         </div>
  190 |  react-hooks/purity

C:\Users\Dell\OneDrive\Desktop\LaunchMate\frontend\src\RiskDetector.jsx
  3:10  error  'motion' is defined but never used. Allowed unused vars must match /^[A-Z_]/u  no-unused-vars

Γ£û 40 problems (40 errors, 0 warnings)

